
> vite_react_shadcn_ts@1.0.0 electron:build
> vite build && electron-builder --win --x64

[36mvite v5.4.19 [32mbuilding for production...[36m[39m
transforming...
node.exe : 
Browserslist: browsers 
data (caniuse-lite) is 
9 months old. Please 
run:
Au caractère C:\Program 
Files\nodejs\npm.ps1:29 
: 3
+   & $NODE_EXE 
$NPM_CLI_JS $args
+   ~~~~~~~~~~~~~~~~~~~~
~~~~~~~~~
    + CategoryInfo      
        : NotSpecified  
  : (Browserslist: b.   
 ..ld. Please run::S    
tring) [], RemoteEx    
ception
    + FullyQualifiedErr 
   orId : NativeComman  
  dError
 
  npx update-browserslis
t-db@latest
  Why you should do it 
regularly: https://githu
b.com/browserslist/updat
e-db#readme
[32m✓[39m 2481 modules transformed.
rendering chunks...
computing gzip size...
[2mdist/[22m[32mindex.html                       [39m[1m[2m  0.52 kB[22m[1m[22m[2m │ gzip:   0.30 kB[22m
[2mdist/[22m[32massets/vortyx-logo-JKWSqPYn.png  [39m[1m[2m 38.78 kB[22m[1m[22m
[2mdist/[22m[35massets/index-Dw4D5Z-7.css        [39m[1m[2m 83.25 kB[22m[1m[22m[2m │ gzip:  13.36 kB[22m
[2mdist/[22m[36massets/index-luWVuNPN.js         [39m[1m[33m842.67 kB[39m[22m[2m │ gzip: 246.92 kB[22m
[33m
(!) Some chunks are 
larger than 500 kB 
after minification. 
Consider:
- Using dynamic 
import() to code-split 
the application
- Use build.rollupOption
s.output.manualChunks 
to improve chunking: htt
ps://rollupjs.org/config
uration-options/#output-
manualchunks
- Adjust chunk size 
limit for this warning 
via build.chunkSizeWarni
ngLimit.[39m
[32m✓ built in 6.49s[39m
  • electron-builder  version=24.13.3 os=10.0.26200
  • loaded configuration  file=package.json ("build" field)
  • description is missed in the package.json  appPackageFile=C:\Users\lenovo\Desktop\vortyx pc app\package.json
  • author is missed in the package.json  appPackageFile=C:\Users\lenovo\Desktop\vortyx pc app\package.json
  • packaging       platform=win32 arch=x64 electron=26.6.10 appOutDir=release\win-unpacked
  ⨯ remove C:\Users\lenovo\Desktop\vortyx pc app\release\win-unpacked\d3dcompiler_47.dll: Access is denied.
github.com/develar/go-fs-util.EnsureEmptyDir
	/Volumes/data/go/pkg/mod/github.com/develar/go-fs-util@v0.0.0-20190620175131-69a2d4542206/fs.go:98
github.com/develar/app-builder/pkg/electron.UnpackElectron.func1.1
	/Volumes/data/Documents/app-builder/pkg/electron/electronUnpack.go:38
github.com/develar/app-builder/pkg/util.MapAsyncConcurrency.func2
	/Volumes/data/Documents/app-builder/pkg/util/async.go:68
runtime.goexit
	/usr/local/Cellar/go/1.17/libexec/src/runtime/asm_amd64.s:1581  
  ⨯ C:\Users\lenovo\Desktop\vortyx pc app\node_modules\app-builder-bin\win\x64\app-builder.exe process failed ERR_ELECTRON_BUILDER_CANNOT_EXECUTE
Exit code:
1  failedTask=build stackTrace=Error: C:\Users\lenovo\Desktop\vortyx pc app\node_modules\app-builder-bin\win\x64\app-builder.exe process failed ERR_ELECTRON_BUILDER_CANNOT_EXECUTE
Exit code:
1
    at ChildProcess.<anonymous> (C:\Users\lenovo\Desktop\vortyx pc app\node_modules\builder-util\src\util.ts:252:14)
    at Object.onceWrapper (node:events:633:26)
    at ChildProcess.emit (node:events:518:28)
    at ChildProcess.cp.emit (C:\Users\lenovo\Desktop\vortyx pc app\node_modules\cross-spawn\lib\enoent.js:34:29)
    at maybeClose (node:internal/child_process:1101:16)
    at Process.ChildProcess._handle.onexit (node:internal/child_process:304:5)
